// Jest Snapshot v1, https://goo.gl/fbAQLP

exports[`<Url /> should render provided data 1`] = `
<Url
  state={
    Object {
      "label": "",
      "maxLines": undefined,
      "target": "_blank",
    }
  }
  value="https://www.facebook.com/friends.tv/"
/>
`;
