// Jest Snapshot v1, https://goo.gl/fbAQLP

exports[`Popover Should render - ok 1`] = `
<ForwardRef(Popper)
  anchorEl={<div />}
  className="makeStyles-popper-1"
  disablePortal={true}
  id="My Id"
  open={true}
  placement="top"
>
  <span
    className="makeStyles-arrow-3"
  />
  <ForwardRef(Paper)
    className="makeStyles-paper-2"
  >
    <div
      className="makeStyles-header-4"
    >
      My Title
    </div>
    <div
      className="makeStyles-body-5"
    >
      <component />
    </div>
  </ForwardRef(Paper)>
</ForwardRef(Popper)>
`;

exports[`Popover elementRef.current null 1`] = `""`;
