// Jest Snapshot v1, https://goo.gl/fbAQLP

exports[`<Dropdown /> should render provided data 1`] = `
<Styled(Component)
  disabled={false}
  error={false}
  onChange={[Function]}
  value="\\"FOOTBALL\\""
>
  <ForwardRef(MenuItem)
    value=""
  >
    <em>
      None
    </em>
  </ForwardRef(MenuItem)>
  <ForwardRef(MenuItem)
    key="Basketball"
    value="\\"BASKETBALL\\""
  >
    Basketball
  </ForwardRef(MenuItem)>
  <ForwardRef(MenuItem)
    key="Football"
    value="\\"FOOTBALL\\""
  >
    Football
  </ForwardRef(MenuItem)>
  <ForwardRef(MenuItem)
    key="Shop"
    value="\\"SHOP\\""
  >
    Shop
  </ForwardRef(MenuItem)>
  <ForwardRef(MenuItem)
    key="Fashion"
    value="\\"FASHION\\""
  >
    Fashion
  </ForwardRef(MenuItem)>
  <ForwardRef(MenuItem)
    key="Cook"
    value="\\"COOK\\""
  >
    Cook
  </ForwardRef(MenuItem)>
</Styled(Component)>
`;
