// Jest Snapshot v1, https://goo.gl/fbAQLP

exports[`<DynamicItemsModal /> component functions render itemsDisplay 1`] = `
<ul
  className="sc-hKwDye jrNqGy"
>
  <styled.li
    key="0"
  >
    <styled.div>
      <span>
        first
         - 
        last
      </span>
       
    </styled.div>
    <styled.div>
      <ForwardRef(Fab)
        color="secondary"
        onClick={[Function]}
        size="small"
        style={
          Object {
            "margin": "0 5px",
          }
        }
      >
        <Memo(ForwardRef(CreateIcon)) />
      </ForwardRef(Fab)>
      <ForwardRef(Fab)
        color="secondary"
        onClick={[Function]}
        size="small"
        style={
          Object {
            "margin": "0 5px",
          }
        }
      >
        <Memo(ForwardRef(DeleteIcon)) />
      </ForwardRef(Fab)>
    </styled.div>
  </styled.li>
</ul>
`;

exports[`<DynamicItemsModal /> should render provided data 1`] = `
<div>
  <ul
    class="sc-hKwDye jrNqGy"
  />
  <button
    class="MuiButtonBase-root MuiFab-root MuiFab-circular MuiFab-sizeSmall MuiFab-primary css-3cm1w6-MuiButtonBase-root-MuiFab-root"
    tabindex="0"
    type="button"
  >
    <svg
      aria-hidden="true"
      class="MuiSvgIcon-root MuiSvgIcon-fontSizeMedium css-i4bv87-MuiSvgIcon-root"
      data-testid="AddIcon"
      focusable="false"
      viewBox="0 0 24 24"
    >
      <path
        d="M19 13h-6v6h-2v-6H5v-2h6V5h2v6h6v2z"
      />
    </svg>
  </button>
  <span
    class="sc-iCfMLu iSOBhP"
  >
    Add New
  </span>
</div>
`;
