// Jest Snapshot v1, https://goo.gl/fbAQLP

exports[`<Text /> should render provided data 1`] = `
<ForwardRef(FormControl)>
  <ForwardRef(Input)
    disabled={false}
    error={false}
    inputProps={
      Object {
        "maxLength": undefined,
      }
    }
    onChange={[Function]}
    placeholder="Enter Food"
    type="text"
    value="avocado"
  />
</ForwardRef(FormControl)>
`;
